{
    "id": "CYCLE_Frequency.DAILY_2022-03-31T215052.349698_4dfea10a-605f-4d02-91cd-cc8c43cd7d2f",
    "name": "Frequency.DAILY_2022-03-31T21:50:52.349698",
    "frequency": "<Frequency.DAILY: 1>",
    "properties": {},
    "creation_date": "2022-03-31T21:50:52.349698",
    "start_date": "2022-03-31T00:00:00",
    "end_date": "2022-03-31T23:59:59.999999"
}
